[freebw.com/templates/royate/index.html]
[backblue.gif]
[fade.gif]
[index.html]
[freebw.com/templates/royate/fonts/linearicons/style.css]
[freebw.com/templates/royate/fonts/material-design-iconic-font/css/material-design-iconic-font.min.css]
[freebw.com/templates/royate/vendor/bootstrap/bootstrap.min.css]
[freebw.com/templates/royate/vendor/owl-carousel/css/owl.carousel.min.css]
[freebw.com/templates/royate/vendor/owl-carousel/css/owl.theme.default.min.css]
[freebw.com/templates/royate/css/animate.css]
[freebw.com/templates/royate/vendor/date-picker/datepicker.min.css]
[freebw.com/templates/royate/vendor/revolution-slider/css/layers.css]
[freebw.com/templates/royate/vendor/revolution-slider/css/navigation.css]
[freebw.com/templates/royate/vendor/revolution-slider/css/settings.css]
[freebw.com/templates/royate/vendor/hcmobilenav/demo.css]
[freebw.com/templates/royate/vendor/jquery-timepicker-master/jquery.timepicker.css]
[freebw.com/templates/royate/favicon.png]
[freebw.com/templates/royate/css/style.css]
[freebw.com/templates/royate/images/logo.png]
[freebw.com/templates/royate/index-2.html]
[freebw.com/templates/royate/index-3.html]
[freebw.com/templates/royate/index-4.html]
[freebw.com/templates/royate/index-5.html]
[freebw.com/templates/royate/index-6.html]
[freebw.com/templates/royate/index-7.html]
[freebw.com/templates/royate/index-8.html]
[freebw.com/templates/royate/index-9.html]
[freebw.com/templates/royate/index-10.html]
[freebw.com/templates/royate/index-11.html]
[freebw.com/templates/royate/index-12.html]
[freebw.com/templates/royate/index-13.html]
[freebw.com/templates/royate/index-14.html]
[freebw.com/templates/royate/index-15.html]
[freebw.com/templates/royate/about-us.html]
[freebw.com/templates/royate/contact-us.html]
[freebw.com/templates/royate/coming-soon.html]
[freebw.com/templates/royate/gallery-three-columns.html]
[freebw.com/templates/royate/gallery-four-columns.html]
[freebw.com/templates/royate/gallery-three-columns-wide.html]
[freebw.com/templates/royate/gallery-four-columns-wide.html]
[freebw.com/templates/royate/masonry-grid.html]
[freebw.com/templates/royate/masonry-wide.html]
[freebw.com/templates/royate/project.html]
[freebw.com/templates/royate/meet-the-chefs.html]
[freebw.com/templates/royate/404.html]
[freebw.com/templates/royate/menu.html]
[freebw.com/templates/royate/reservation_v1.html]
[freebw.com/templates/royate/reservation_v2.html]
[freebw.com/templates/royate/blog-masonry.html]
[freebw.com/templates/royate/blog-masonry-wide.html]
[freebw.com/templates/royate/blog-standard-right-sidebar.html]
[freebw.com/templates/royate/blog-standard-left-sidebar.html]
[freebw.com/templates/royate/blog-standard-no-sidebar.html]
[freebw.com/templates/royate/blog-single.html]
[freebw.com/templates/royate/shop-list.html]
[freebw.com/templates/royate/shop-three-column.html]
[freebw.com/templates/royate/shop-three-column-wide.html]
[freebw.com/templates/royate/shop-four-column.html]
[freebw.com/templates/royate/shop-four-column-wide.html]
[freebw.com/templates/royate/shop-cart.html]
[freebw.com/templates/royate/shop-single.html]
[freebw.com/templates/royate/sign-in.html]
[freebw.com/templates/royate/sign-up.html]
[freebw.com/templates/royate/checkout.html]
[freebw.com/templates/royate/images/notify.png]
[freebw.com/templates/royate/images/widget-cart-thumb-1.jpg]
[freebw.com/templates/royate/images/widget-cart-thumb-2.jpg]
[freebw.com/templates/royate/images/logo-menu-sidebar.png]
[freebw.com/templates/royate/images/menu-sidebar-slide-1.jpg]
[freebw.com/templates/royate/images/menu-sidebar-slide-2.jpg]
[freebw.com/templates/royate/images/menu-sidebar-slide-3.jpg]
[freebw.com/templates/royate/images/slideshow-1.jpg]
[freebw.com/templates/royate/images/post-thumb-1.jpg]
[freebw.com/templates/royate/images/post-thumb-2.jpg]
[freebw.com/templates/royate/images/post-thumb-3.jpg]
[freebw.com/templates/royate/images/main-course.png]
[freebw.com/templates/royate/images/soups-and-salads.png]
[freebw.com/templates/royate/images/drinks.png]
[freebw.com/templates/royate/images/desserts.png]
[freebw.com/templates/royate/images/feature.jpg]
[freebw.com/templates/royate/images/feature-small-1.png]
[freebw.com/templates/royate/images/feature-small-2.png]
[freebw.com/templates/royate/images/feature-small-3.png]
[freebw.com/templates/royate/images/feature-small-4.png]
[freebw.com/templates/royate/images/post-thumb-4.jpg]
[freebw.com/templates/royate/images/post-thumb-5.jpg]
[freebw.com/templates/royate/images/post-thumb-6.jpg]
[freebw.com/cdn-cgi/scripts/5c5dd728/cloudflare-static/email-decode.min.js]
[freebw.com/templates/royate/js/jquery-3.3.1.min.js]
[freebw.com/templates/royate/vendor/bootstrap/bootstrap.min.js]
[freebw.com/templates/royate/vendor/revolution-slider/js/jquery.themepunch.revolution.min.js]
[freebw.com/templates/royate/vendor/revolution-slider/js/jquery.themepunch.tools.min.js]
[freebw.com/templates/royate/vendor/revolution-slider/js/revolution.extension.actions.min.js]
[freebw.com/templates/royate/vendor/revolution-slider/js/revolution.extension.carousel.min.js]
[freebw.com/templates/royate/vendor/revolution-slider/js/revolution.extension.kenburn.min.js]
[freebw.com/templates/royate/vendor/revolution-slider/js/revolution.extension.layeranimation.min.js]
[freebw.com/templates/royate/vendor/revolution-slider/js/revolution.extension.migration.min.js]
[freebw.com/templates/royate/vendor/revolution-slider/js/revolution.extension.navigation.min.js]
[freebw.com/templates/royate/vendor/revolution-slider/js/revolution.extension.parallax.min.js]
[freebw.com/templates/royate/vendor/revolution-slider/js/revolution.extension.slideanims.min.js]
[freebw.com/templates/royate/vendor/revolution-slider/js/revolution.extension.video.min.js]
[freebw.com/templates/royate/vendor/owl-carousel/js/owl.carousel.min.js]
[freebw.com/templates/royate/js/sweetalert.min.js]
[freebw.com/templates/royate/vendor/hcmobilenav/hc-mobile-nav.js]
[freebw.com/templates/royate/vendor/date-picker/datepicker.js]
[freebw.com/templates/royate/vendor/date-picker/datepicker.en.js]
[freebw.com/templates/royate/vendor/jquery-timepicker-master/jquery.timepicker.min.js]
[freebw.com/templates/royate/index.html]
[freebw.com/templates/royate/js/main.min.js]
[freebw.com/templates/royate/fonts/linearicons/fonts/Linearicons-Free54e9.eot]
[freebw.com/templates/royate/fonts/linearicons/fonts/Linearicons-Freed41d.eot]
[freebw.com/templates/royate/fonts/linearicons/fonts/Linearicons-Free54e9.woff2]
[freebw.com/templates/royate/fonts/linearicons/fonts/Linearicons-Free54e9.woff]
[freebw.com/templates/royate/fonts/linearicons/fonts/Linearicons-Free54e9.ttf]
[freebw.com/templates/royate/fonts/linearicons/style.css]
[freebw.com/templates/royate/fonts/linearicons/fonts/Linearicons-Free54e9.svg]
[freebw.com/templates/royate/fonts/material-design-iconic-font/fonts/Material-Design-Iconic-Fontd1f1.woff2]
[freebw.com/templates/royate/fonts/material-design-iconic-font/fonts/Material-Design-Iconic-Fontd1f1.woff]
[freebw.com/templates/royate/fonts/material-design-iconic-font/fonts/Material-Design-Iconic-Fontd1f1.ttf]
[freebw.com/templates/royate/fonts/material-design-iconic-font/css/material-design-iconic-font.min.css]
[freebw.com/templates/royate/vendor/bootstrap/bootstrap.min.css]
[freebw.com/templates/royate/vendor/owl-carousel/css/owl.video.play.png]
[freebw.com/templates/royate/vendor/owl-carousel/css/owl.carousel.min.css]
[freebw.com/templates/royate/vendor/owl-carousel/css/owl.theme.default.min.css]
[freebw.com/templates/royate/css/animate.css]
[freebw.com/templates/royate/vendor/date-picker/datepicker.min.css]
[freebw.com/templates/royate/vendor/revolution-slider/css/layers.css]
[freebw.com/templates/royate/vendor/revolution-slider/css/navigation.css]
[freebw.com/templates/royate/vendor/revolution-slider/fonts/revicons/revicons90c6.eot]
[freebw.com/templates/royate/vendor/revolution-slider/fonts/revicons/revicons90c6.woff]
[freebw.com/templates/royate/vendor/revolution-slider/fonts/revicons/revicons90c6.ttf]
[freebw.com/templates/royate/vendor/revolution-slider/fonts/revicons/revicons90c6.svg]
[freebw.com/templates/royate/vendor/revolution-slider/css/openhand.cur]
[freebw.com/templates/royate/vendor/revolution-slider/css/closedhand.cur]
[freebw.com/templates/royate/vendor/revolution-slider/assets/gridtile.png]
[freebw.com/templates/royate/vendor/revolution-slider/assets/gridtile_white.png]
[freebw.com/templates/royate/vendor/revolution-slider/assets/gridtile_3x3.png]
[freebw.com/templates/royate/vendor/revolution-slider/assets/gridtile_3x3_white.png]
[freebw.com/templates/royate/vendor/revolution-slider/assets/coloredbg.png]
[freebw.com/templates/royate/vendor/revolution-slider/css/settings.css]
[freebw.com/templates/royate/vendor/hcmobilenav/demo.css]
[freebw.com/templates/royate/vendor/jquery-timepicker-master/jquery.timepicker.css]
[freebw.com/templates/royate/vendor/revolution-slider/assets/loader.gif]
[freebw.com/templates/royate/fonts/raleway/Raleway-Regular.ttf]
[freebw.com/templates/royate/fonts/raleway/Raleway-SemiBold.ttf]
[freebw.com/templates/royate/fonts/raleway/Raleway-ExtraBold.ttf]
[freebw.com/templates/royate/fonts/raleway/Raleway-Bold.ttf]
[freebw.com/templates/royate/fonts/raleway/Raleway-Medium.ttf]
[freebw.com/templates/royate/fonts/raleway/Raleway-Light.ttf]
[freebw.com/templates/royate/fonts/raleway/Raleway-Black.ttf]
[freebw.com/templates/royate/fonts/lato/Lato-Regular.ttf]
[freebw.com/templates/royate/fonts/great_vibes/GreatVibes-Regular.ttf]
[freebw.com/templates/royate/fonts/satisfy/Satisfy-Regular.ttf]
[freebw.com/templates/royate/fonts/constantia/Constanb.ttf]
[freebw.com/templates/royate/fonts/bitter/Bitter-Regular.ttf]
[freebw.com/templates/royate/fonts/bitter/Bitter-Bold.ttf]
[freebw.com/templates/royate/fonts/amatic_sc/AmaticSC-Regular.ttf]
[freebw.com/templates/royate/fonts/amatic_sc/AmaticSC-Bold.ttf]
[freebw.com/templates/royate/fonts/alex_brush/AlexBrush-Regular.ttf]
[freebw.com/templates/royate/fonts/sacramento/Sacramento-Regular.ttf]
[freebw.com/templates/royate/fonts/julius_sans_one/JuliusSansOne-Regular.ttf]
[freebw.com/templates/royate/fonts/georgia/Georgia.ttf]
[freebw.com/templates/royate/fonts/georgia/Georgia-Bold.ttf]
[freebw.com/templates/royate/fonts/mvboli/mvboli.ttf]
[freebw.com/templates/royate/fonts/calibri/Calibri-Bold.TTF]
[freebw.com/templates/royate/fonts/pacifico/Pacifico-Regular.ttf]
[freebw.com/templates/royate/images/post-body-bg-1.png]
[freebw.com/templates/royate/images/post-body-bg-2.png]
[freebw.com/templates/royate/images/post-body-bg-3.png]
[freebw.com/templates/royate/images/modal-search-bg.jpg]
[freebw.com/templates/royate/images/our-menu-bg-1.png]
[freebw.com/templates/royate/images/full-page-bg.jpg]
[freebw.com/templates/royate/images/our-menu-bg-2.jpg]
[freebw.com/templates/royate/images/our-menu-bg-3.jpg]
[freebw.com/templates/royate/images/our-menu-bg-4.jpg]
[freebw.com/templates/royate/images/menu-isotope-bg.jpg]
[freebw.com/templates/royate/images/our-service-bg.jpg]
[freebw.com/templates/royate/images/book-a-table.jpg]
[freebw.com/templates/royate/images/trait.jpg]
[freebw.com/templates/royate/images/our-story-2.jpg]
[freebw.com/templates/royate/images/our-story.jpg]
[freebw.com/templates/royate/images/opening-time-bg.jpg]
[freebw.com/templates/royate/images/coffee-bg.png]
[freebw.com/templates/royate/images/wish-bg.jpg]
[freebw.com/templates/royate/images/full-col-bg.jpg]
[freebw.com/templates/royate/images/footer-image.jpg]
[freebw.com/templates/royate/images/testimonials-bg.jpg]
[freebw.com/templates/royate/images/select-down-icon.png]
[freebw.com/templates/royate/css/style.css]
[freebw.com/templates/royate/images/cupcake-history-bg.jpg]
[freebw.com/templates/royate/fonts/font-awesome-5/css/fontawesome-all.min.css]
[freebw.com/templates/royate/vendor/lightgallery/css/lightgallery.min.css]
[freebw.com/templates/royate/images/slideshow-11.jpg]
[freebw.com/templates/royate/images/fresh-good-food.png]
[freebw.com/templates/royate/images/main-course-box.jpg]
[freebw.com/templates/royate/images/soups-and-salads-box.jpg]
[freebw.com/templates/royate/images/drinks-box.jpg]
[freebw.com/templates/royate/images/deserts-box.jpg]
[freebw.com/templates/royate/images/border-3.png]
[freebw.com/templates/royate/images/signature-2.png]
[freebw.com/templates/royate/images/speciality-4.png]
[freebw.com/templates/royate/images/speciality-5.png]
[freebw.com/templates/royate/images/speciality-6.png]
[freebw.com/templates/royate/images/speciality-7.png]
[freebw.com/templates/royate/images/main-course-square.png]
[freebw.com/templates/royate/images/soups-and-salads-square.png]
[freebw.com/templates/royate/images/drinks-square.png]
[freebw.com/templates/royate/images/deserts-square.png]
[freebw.com/templates/royate/images/menu-thumb-1.png]
[freebw.com/templates/royate/images/menu-thumb-2.png]
[freebw.com/templates/royate/images/menu-thumb-3.png]
[freebw.com/templates/royate/images/menu-thumb-4.png]
[freebw.com/templates/royate/images/menu-thumb-5.png]
[freebw.com/templates/royate/images/menu-thumb-6.png]
[freebw.com/templates/royate/images/menu-thumb-7.png]
[freebw.com/templates/royate/images/menu-thumb-8.png]
[freebw.com/templates/royate/images/galerry-1.jpg]
[freebw.com/templates/royate/images/gallery-4.jpg]
[freebw.com/templates/royate/images/gallery-6.jpg]
[freebw.com/templates/royate/images/gallery-2.jpg]
[freebw.com/templates/royate/images/gallery-3.jpg]
[freebw.com/templates/royate/images/gallery-5.jpg]
[freebw.com/templates/royate/images/our-chef-1.jpg]
[freebw.com/templates/royate/images/our-chef-2.jpg]
[freebw.com/templates/royate/images/our-chef-3.jpg]
[freebw.com/templates/royate/images/partner-2.png]
[freebw.com/templates/royate/images/partner-3.png]
[freebw.com/templates/royate/images/partner-4.png]
[freebw.com/templates/royate/images/partner-5.png]
[freebw.com/templates/royate/images/partner-6.png]
[freebw.com/templates/royate/vendor/lightgallery/js/jquery.mousewheel.min.js]
[freebw.com/templates/royate/vendor/lightgallery/js/lightgallery-all.min.js]
[freebw.com/templates/royate/vendor/jquery-ui/jquery-ui.min.js]
[freebw.com/templates/royate/index-2.html]
[freebw.com/templates/royate/js/wow.min.js]
[freebw.com/templates/royate/images/slideshow-4.jpg]
[freebw.com/templates/royate/images/crown-symbol.png]
[freebw.com/templates/royate/images/assure-food-quality.png]
[freebw.com/templates/royate/images/restaurant-name.png]
[freebw.com/templates/royate/images/fork.png]
[freebw.com/templates/royate/images/the-best-food.png]
[freebw.com/templates/royate/images/special-menu.png]
[freebw.com/templates/royate/images/welcome-2.jpg]
[freebw.com/templates/royate/images/welcome-1.jpg]
[freebw.com/templates/royate/images/welcome-3.jpg]
[freebw.com/templates/royate/images/serve-icon.png]
[freebw.com/templates/royate/images/fresh-food-icon.png]
[freebw.com/templates/royate/images/hot-food-icon.png]
[freebw.com/templates/royate/images/coffee-icon.png]
[freebw.com/templates/royate/images/border.png]
[freebw.com/templates/royate/images/signature.png]
[freebw.com/templates/royate/images/image-slide-1.jpg]
[freebw.com/templates/royate/images/image-slide-2.jpg]
[freebw.com/templates/royate/images/image-slide-3.jpg]
[freebw.com/templates/royate/images/image-slide-4.jpg]
[freebw.com/templates/royate/images/image-slide-5.jpg]
[freebw.com/templates/royate/images/image-slide-6.jpg]
[freebw.com/templates/royate/images/instagram-1.jpg]
[freebw.com/templates/royate/images/instagram-2.jpg]
[freebw.com/templates/royate/images/instagram-3.jpg]
[freebw.com/templates/royate/images/instagram-4.jpg]
[freebw.com/templates/royate/images/instagram-5.jpg]
[freebw.com/templates/royate/index-3.html]
[freebw.com/templates/royate/images/instagram-6.jpg]
[freebw.com/templates/royate/vendor/flipster/jquery.flipster.min.css]
[freebw.com/templates/royate/images/slideshow-5.jpg]
[freebw.com/templates/royate/images/cuisine-1956.png]
[freebw.com/templates/royate/images/flipster-1.jpg]
[freebw.com/templates/royate/images/border-1.png]
[freebw.com/templates/royate/images/signature-1.png]
[freebw.com/templates/royate/images/flipster-2.jpg]
[freebw.com/templates/royate/images/flipster-3.jpg]
[freebw.com/templates/royate/images/serve-white-icon.png]
[freebw.com/templates/royate/images/fresh-food-white-icon.png]
[freebw.com/templates/royate/images/hot-food-white-icon.png]
[freebw.com/templates/royate/images/coffee-white-icon.png]
[freebw.com/templates/royate/images/main-course-menu.jpg]
[freebw.com/templates/royate/images/soups-and-salads-menu.jpg]
[freebw.com/templates/royate/images/drinks-menu.jpg]
[freebw.com/templates/royate/images/desserts-menu.jpg]
[freebw.com/templates/royate/js/theme-map.js]
[freebw.com/templates/royate/index-4.html]
[freebw.com/templates/royate/vendor/flipster/jquery.flipster.min.js]
[freebw.com/templates/royate/images/slideshow-8.jpg]
[freebw.com/templates/royate/images/we-are-open.png]
[freebw.com/templates/royate/images/fresh-fruit.png]
[freebw.com/templates/royate/images/feather.png]
[freebw.com/templates/royate/images/slideshow-9.jpg]
[freebw.com/templates/royate/images/slideshow-10.jpg]
[freebw.com/templates/royate/images/sale-off.png]
[freebw.com/templates/royate/images/our-story-1.jpg]
[freebw.com/templates/royate/images/border-2.png]
[freebw.com/templates/royate/images/menu-heading.png]
[freebw.com/templates/royate/images/speciality-1.jpg]
[freebw.com/templates/royate/images/speciality-2.jpg]
[freebw.com/templates/royate/images/speciality-3.jpg]
[freebw.com/templates/royate/images/testimonials-thumb-1.png]
[freebw.com/templates/royate/images/testimonials-thumb-2.png]
[freebw.com/templates/royate/images/testimonials-thumb-3.png]
[freebw.com/templates/royate/images/post-thumb-7.jpg]
[freebw.com/templates/royate/images/post-thumb-8.jpg]
[freebw.com/templates/royate/images/post-thumb-9.jpg]
[freebw.com/templates/royate/images/post-thumb-10.jpg]
[freebw.com/templates/royate/index-5.html]
[freebw.com/templates/royate/images/partner-1.png]
[freebw.com/templates/royate/images/logo-static.png]
[freebw.com/templates/royate/images/notify-black.png]
[freebw.com/templates/royate/images/slideshow-12.jpg]
[freebw.com/templates/royate/images/cooking.png]
[freebw.com/templates/royate/images/slideshow-16.jpg]
[freebw.com/templates/royate/images/taste-of-nature.png]
[freebw.com/templates/royate/images/coffee.png]
[freebw.com/templates/royate/images/coffee-brek.png]
[freebw.com/templates/royate/images/muffins-before.png]
[freebw.com/templates/royate/images/muffins-after.png]
[freebw.com/templates/royate/images/stacked-chocolate.png]
[freebw.com/templates/royate/images/slideshow-23.png]
[freebw.com/templates/royate/images/speciality-8.png]
[freebw.com/templates/royate/images/slideshow-24.png]
[freebw.com/templates/royate/images/main-course-menu-1.png]
[freebw.com/templates/royate/images/soups-and-salads-menu-1.png]
[freebw.com/templates/royate/images/drinks-menu-1.png]
[freebw.com/templates/royate/index-6.html]
[freebw.com/templates/royate/images/desserts-menu-1.png]
[freebw.com/templates/royate/images/slideshow-15.jpg]
[freebw.com/templates/royate/images/welcome.png]
[freebw.com/templates/royate/images/special-menu-1.png]
[freebw.com/templates/royate/images/slideshow-18.png]
[freebw.com/templates/royate/images/pasta-tomato-sauce.png]
[freebw.com/templates/royate/images/slideshow-20.png]
[freebw.com/templates/royate/images/speciality-9.jpg]
[freebw.com/templates/royate/images/speciality-10.jpg]
[freebw.com/templates/royate/images/speciality-11.jpg]
[freebw.com/templates/royate/images/speciality-12.jpg]
[freebw.com/templates/royate/images/speciality-13.jpg]
[freebw.com/templates/royate/images/booking-block.jpg]
[freebw.com/templates/royate/images/biscuit.png]
[freebw.com/templates/royate/images/user-info-1.png]
[freebw.com/templates/royate/images/user-info-2.png]
[freebw.com/templates/royate/index-7.html]
[freebw.com/templates/royate/images/user-info-3.png]
[freebw.com/templates/royate/images/slideshow-17.jpg]
[freebw.com/templates/royate/images/our-best-service.jpg]
[freebw.com/templates/royate/images/service-icon-1.png]
[freebw.com/templates/royate/images/service-icon-2.png]
[freebw.com/templates/royate/images/service-icon-3.png]
[freebw.com/templates/royate/images/service-icon-4.png]
[freebw.com/templates/royate/images/speciality-14.jpg]
[freebw.com/templates/royate/images/speciality-15.jpg]
[freebw.com/templates/royate/images/speciality-16.jpg]
[freebw.com/templates/royate/images/speciality-17.jpg]
[freebw.com/templates/royate/images/speciality-18.jpg]
[freebw.com/templates/royate/images/sharon-stanley.png]
[freebw.com/templates/royate/images/banner.jpg]
[freebw.com/templates/royate/images/crown-symbol-1.png]
[freebw.com/templates/royate/images/our-chef-4.jpg]
[freebw.com/templates/royate/images/our-chef-5.jpg]
[freebw.com/templates/royate/images/our-chef-6.jpg]
[freebw.com/templates/royate/images/our-chef-7.jpg]
[freebw.com/templates/royate/vendor/circle-progress/circle-progress.min.js]
[freebw.com/templates/royate/index-8.html]
[freebw.com/templates/royate/vendor/circle-progress/jquery.waypoints.min.js]
[freebw.com/templates/royate/images/grid-image-1.jpg]
[freebw.com/templates/royate/images/grid-image-2.jpg]
[freebw.com/templates/royate/images/grid-image-3.jpg]
[freebw.com/templates/royate/images/grid-image-4.jpg]
[freebw.com/templates/royate/images/grid-image-5.jpg]
[freebw.com/templates/royate/images/grid-image-6.jpg]
[freebw.com/templates/royate/images/grid-image-7.jpg]
[freebw.com/templates/royate/index-9.html]
[freebw.com/templates/royate/vendor/owl-carousel/js/jquery.mousewheel.min.js]
[freebw.com/templates/royate/vendor/fullpage/jquery.fullPage.css]
[freebw.com/templates/royate/images/border-4.png]
[freebw.com/templates/royate/images/our-story-bg.jpg]
[freebw.com/templates/royate/images/our-service-full-bg.jpg]
[freebw.com/templates/royate/images/our-menu-full-bg.jpg]
[freebw.com/templates/royate/images/our-menu-full-bg-1.jpg]
[freebw.com/templates/royate/images/testimonials-full-bg.jpg]
[freebw.com/templates/royate/images/booking-full-bg.jpg]
[freebw.com/templates/royate/index-10.html]
[freebw.com/templates/royate/vendor/fullpage/jquery.fullPage.js]
[freebw.com/templates/royate/images/logo-1.png]
[freebw.com/templates/royate/images/slideshow-25.jpg]
[freebw.com/templates/royate/images/wheel.png]
[freebw.com/templates/royate/images/quality-food.png]
[freebw.com/templates/royate/images/slideshow-26.jpg]
[freebw.com/templates/royate/images/slideshow-28.jpg]
[freebw.com/templates/royate/images/slideshow-27.png]
[freebw.com/templates/royate/images/slideshow-29.png]
[freebw.com/templates/royate/images/about-us-1.jpg]
[freebw.com/templates/royate/images/border-5.png]
[freebw.com/templates/royate/images/about-us-2.jpg]
[freebw.com/templates/royate/images/about-us-bg.png]
[freebw.com/templates/royate/images/special-bg.jpg]
[freebw.com/templates/royate/images/speciality-19.jpg]
[freebw.com/templates/royate/images/speciality-20.jpg]
[freebw.com/templates/royate/images/speciality-21.jpg]
[freebw.com/templates/royate/images/speciality-22.jpg]
[freebw.com/templates/royate/images/speciality-23.jpg]
[freebw.com/templates/royate/images/our-menu-bg-5.jpg]
[freebw.com/templates/royate/images/appetizer-square.png]
[freebw.com/templates/royate/images/main-course-square-1.png]
[freebw.com/templates/royate/images/drinks-square-1.png]
[freebw.com/templates/royate/images/deserts-square-1.png]
[freebw.com/templates/royate/images/menu-thumb-9.png]
[freebw.com/templates/royate/images/menu-thumb-10.png]
[freebw.com/templates/royate/images/menu-thumb-11.png]
[freebw.com/templates/royate/images/menu-thumb-12.png]
[freebw.com/templates/royate/images/menu-thumb-13.png]
[freebw.com/templates/royate/images/menu-thumb-14.png]
[freebw.com/templates/royate/images/menu-thumb-15.png]
[freebw.com/templates/royate/images/menu-thumb-16.png]
[freebw.com/templates/royate/images/opening-bg.png]
[freebw.com/templates/royate/images/gallery-11.jpg]
[freebw.com/templates/royate/images/gallery-7.jpg]
[freebw.com/templates/royate/images/gallery-10.jpg]
[freebw.com/templates/royate/images/gallery-12.jpg]
[freebw.com/templates/royate/images/gallery-8.jpg]
[freebw.com/templates/royate/images/gallery-9.jpg]
[freebw.com/templates/royate/images/post-thumb-11.jpg]
[freebw.com/templates/royate/images/post-thumb-12.jpg]
[freebw.com/templates/royate/images/post-thumb-13.jpg]
[freebw.com/templates/royate/index-11.html]
[freebw.com/templates/royate/images/post-thumb-14.jpg]
[freebw.com/templates/royate/images/logo-2.png]
[freebw.com/templates/royate/images/logo-2-menu-sidebar.png]
[freebw.com/templates/royate/images/slideshow-31.jpg]
[freebw.com/templates/royate/images/pigga.png]
[freebw.com/templates/royate/images/slideshow-30.png]
[freebw.com/templates/royate/images/slideshow-32.jpg]
[freebw.com/templates/royate/images/wing.png]
[freebw.com/templates/royate/images/familiar-restaurant.png]
[freebw.com/templates/royate/images/exclamation.png]
[freebw.com/templates/royate/images/slideshow-34.jpg]
[freebw.com/templates/royate/images/slideshow-33.png]
[freebw.com/templates/royate/images/cloud.png]
[freebw.com/templates/royate/images/ladder.png]
[freebw.com/templates/royate/images/promotion-1.jpg]
[freebw.com/templates/royate/images/quality-assurance.png]
[freebw.com/templates/royate/images/front-minus.png]
[freebw.com/templates/royate/images/back-minus.png]
[freebw.com/templates/royate/images/promotion-2.jpg]
[freebw.com/templates/royate/images/promotion-3.jpg]
[freebw.com/templates/royate/images/special-pizza-1.png]
[freebw.com/templates/royate/images/special-pizza-2.png]
[freebw.com/templates/royate/images/special-pizza-3.png]
[freebw.com/templates/royate/images/special-pizza-4.png]
[freebw.com/templates/royate/images/banner-1.jpg]
[freebw.com/templates/royate/images/every-day.png]
[freebw.com/templates/royate/images/pizza-1.png]
[freebw.com/templates/royate/images/pizza-2.png]
[freebw.com/templates/royate/images/pizza-3.png]
[freebw.com/templates/royate/images/pizza-4.png]
[freebw.com/templates/royate/images/pizza-5.png]
[freebw.com/templates/royate/images/pizza-6.png]
[freebw.com/templates/royate/images/subscribe-bg.jpg]
[freebw.com/templates/royate/images/event-bg-1.jpg]
[freebw.com/templates/royate/index-12.html]
[freebw.com/templates/royate/images/event-bg-2.jpg]
[freebw.com/templates/royate/images/logo-3.png]
[freebw.com/templates/royate/images/logo-3-menu-sidebar.png]
[freebw.com/templates/royate/images/slideshow-35.jpg]
[freebw.com/templates/royate/images/coffee-logo.png]
[freebw.com/templates/royate/images/post-thumb-15.jpg]
[freebw.com/templates/royate/images/post-thumb-16.jpg]
[freebw.com/templates/royate/images/coffee-block-bg.jpg]
[freebw.com/templates/royate/images/coffee-thumb-1.png]
[freebw.com/templates/royate/images/coffee-thumb-2.png]
[freebw.com/templates/royate/images/coffee-thumb-3.png]
[freebw.com/templates/royate/images/coffee-thumb-4.png]
[freebw.com/templates/royate/images/coffee-thumb-5.png]
[freebw.com/templates/royate/images/coffee-thumb-6.png]
[freebw.com/templates/royate/images/coffee-thumb-7.png]
[freebw.com/templates/royate/images/coffee-thumb-8.png]
[freebw.com/templates/royate/images/the-machine.png]
[freebw.com/templates/royate/images/paper-bag-bg.png]
[freebw.com/templates/royate/images/preparation.png]
[freebw.com/templates/royate/images/perfect-phase.png]
[freebw.com/templates/royate/images/pure-coffee.png]
[freebw.com/templates/royate/images/coffee-grinder.png]
[freebw.com/templates/royate/images/senior-coffee.png]
[freebw.com/templates/royate/images/coffee-form-bg.jpg]
[freebw.com/templates/royate/index-13.html]
[freebw.com/templates/royate/images/about-us-3.jpg]
[freebw.com/templates/royate/images/logo-4.png]
[freebw.com/templates/royate/images/logo-4-menu-sidebar.png]
[freebw.com/templates/royate/images/slideshow-38.jpg]
[freebw.com/templates/royate/images/bakery-logo.png]
[freebw.com/templates/royate/images/slideshow-39.jpg]
[freebw.com/templates/royate/images/slideshow-40.jpg]
[freebw.com/templates/royate/images/sandwich.jpg]
[freebw.com/templates/royate/images/soft-buns.jpg]
[freebw.com/templates/royate/images/traditional-cake.jpg]
[freebw.com/templates/royate/images/hot-cakes.jpg]
[freebw.com/templates/royate/images/bakery-menu-bg.jpg]
[freebw.com/templates/royate/images/hot-cakes-icon.png]
[freebw.com/templates/royate/images/soft-buns-icon.png]
[freebw.com/templates/royate/images/sandwich-icon.png]
[freebw.com/templates/royate/images/traditional-cake-icon.png]
[freebw.com/templates/royate/images/bakery-menu-1.png]
[freebw.com/templates/royate/images/bakery-menu-2.png]
[freebw.com/templates/royate/images/bakery-menu-3.png]
[freebw.com/templates/royate/images/bakery-menu-4.png]
[freebw.com/templates/royate/images/bakery-menu-5.png]
[freebw.com/templates/royate/images/bakery-menu-6.png]
[freebw.com/templates/royate/images/bakery-menu-7.png]
[freebw.com/templates/royate/images/bakery-menu-8.png]
[freebw.com/templates/royate/images/bakery-thumb-1.png]
[freebw.com/templates/royate/images/bakery-thumb-2.png]
[freebw.com/templates/royate/images/bakery-thumb-3.png]
[freebw.com/templates/royate/images/bakery-thumb-4.png]
[freebw.com/templates/royate/images/bakery-big-1.png]
[freebw.com/templates/royate/images/bakery-big-2.png]
[freebw.com/templates/royate/images/bakery-big-3.png]
[freebw.com/templates/royate/images/bakery-big-4.png]
[freebw.com/templates/royate/images/testimonials-bg-1.jpg]
[freebw.com/templates/royate/images/partner-7.png]
[freebw.com/templates/royate/images/partner-8.png]
[freebw.com/templates/royate/images/partner-9.png]
[freebw.com/templates/royate/images/partner-10.png]
[freebw.com/templates/royate/images/partner-11.png]
[freebw.com/templates/royate/images/partner-12.png]
[freebw.com/templates/royate/images/partner-13.png]
[freebw.com/templates/royate/index-14.html]
[freebw.com/templates/royate/images/partner-14.png]
[freebw.com/templates/royate/vendor/modal-video/modal-video.min.css]
[freebw.com/templates/royate/images/logo-5.png]
[freebw.com/templates/royate/images/logo-5-menu-sidebar.png]
[freebw.com/templates/royate/images/slideshow-41.jpg]
[freebw.com/templates/royate/images/cup-cake-logo.png]
[freebw.com/templates/royate/images/slideshow-42.jpg]
[freebw.com/templates/royate/images/cupcakes-delicious.png]
[freebw.com/templates/royate/images/slideshow-43.jpg]
[freebw.com/templates/royate/images/cupcake.jpg]
[freebw.com/templates/royate/images/best-cupcakes.png]
[freebw.com/templates/royate/images/cupcake-slider-1.png]
[freebw.com/templates/royate/images/cupcake-slider-2.png]
[freebw.com/templates/royate/images/cupcake-slider-3.png]
[freebw.com/templates/royate/images/cupcake-slider-4.png]
[freebw.com/templates/royate/images/cupcake-slider-5.png]
[freebw.com/templates/royate/images/cupcake-slider-6.png]
[freebw.com/templates/royate/images/special-cupcake-bg.jpg]
[freebw.com/templates/royate/images/special-cupcake-1.png]
[freebw.com/templates/royate/images/special-cupcake-2.png]
[freebw.com/templates/royate/images/our-chef-8.jpg]
[freebw.com/templates/royate/images/our-chef-9.jpg]
[freebw.com/templates/royate/images/our-chef-10.jpg]
[freebw.com/templates/royate/images/cupcake-history.jpg]
[freebw.com/templates/royate/images/contact-box-1.jpg]
[freebw.com/templates/royate/images/contact-box-2.jpg]
[freebw.com/templates/royate/images/logo-5-contact.png]
[freebw.com/templates/royate/vendor/horizontal-timeline-master/js/modernizr.js]
[freebw.com/templates/royate/vendor/horizontal-timeline-master/js/main.js]
[freebw.com/templates/royate/index-15.html]
[freebw.com/templates/royate/vendor/modal-video/modal-video.min.js]
[freebw.com/templates/royate/about-us.html]
[freebw.com/templates/royate/images/page-info-bg.jpg]
[freebw.com/templates/royate/contact-us.html]
[freebw.com/templates/royate/images/page-info-bg-1.jpg]
[freebw.com/templates/royate/images/coming-soon-bg.jpg]
[freebw.com/templates/royate/coming-soon.html]
[freebw.com/templates/royate/js/jquery.countdown.min.js]
[freebw.com/templates/royate/images/gallery-13.jpg]
[freebw.com/templates/royate/images/gallery-14.jpg]
[freebw.com/templates/royate/images/gallery-15.jpg]
[freebw.com/templates/royate/images/gallery-16.jpg]
[freebw.com/templates/royate/images/gallery-17.jpg]
[freebw.com/templates/royate/images/gallery-18.jpg]
[freebw.com/templates/royate/images/gallery-19.jpg]
[freebw.com/templates/royate/images/gallery-20.jpg]
[freebw.com/templates/royate/images/gallery-21.jpg]
[freebw.com/templates/royate/images/gallery-22.jpg]
[freebw.com/templates/royate/images/gallery-23.jpg]
[freebw.com/templates/royate/gallery-three-columns.html]
[freebw.com/templates/royate/images/gallery-24.jpg]
[freebw.com/templates/royate/images/gallery-four-columns-1.jpg]
[freebw.com/templates/royate/images/gallery-four-columns-2.jpg]
[freebw.com/templates/royate/images/gallery-four-columns-3.jpg]
[freebw.com/templates/royate/images/gallery-four-columns-4.jpg]
[freebw.com/templates/royate/images/gallery-four-columns-5.jpg]
[freebw.com/templates/royate/images/gallery-four-columns-6.jpg]
[freebw.com/templates/royate/images/gallery-four-columns-7.jpg]
[freebw.com/templates/royate/images/gallery-four-columns-8.jpg]
[freebw.com/templates/royate/images/gallery-four-columns-10.jpg]
[freebw.com/templates/royate/images/gallery-four-columns-11.jpg]
[freebw.com/templates/royate/images/gallery-four-columns-9.jpg]
[freebw.com/templates/royate/images/gallery-four-columns-12.jpg]
[freebw.com/templates/royate/images/gallery-four-columns-14.jpg]
[freebw.com/templates/royate/images/gallery-four-columns-13.jpg]
[freebw.com/templates/royate/gallery-four-columns.html]
[freebw.com/templates/royate/images/gallery-four-columns-15.jpg]
[freebw.com/templates/royate/gallery-three-columns-wide.html]
[freebw.com/templates/royate/gallery-four-columns-wide.html]
[freebw.com/templates/royate/images/gallery-four-columns-16.jpg]
[freebw.com/templates/royate/images/masonry-1.jpg]
[freebw.com/templates/royate/images/masonry-2.jpg]
[freebw.com/templates/royate/images/masonry-3.jpg]
[freebw.com/templates/royate/images/masonry-7.jpg]
[freebw.com/templates/royate/images/masonry-4.jpg]
[freebw.com/templates/royate/images/masonry-5.jpg]
[freebw.com/templates/royate/images/masonry-8.jpg]
[freebw.com/templates/royate/masonry-grid.html]
[freebw.com/templates/royate/images/masonry-6.jpg]
[freebw.com/templates/royate/images/masonry-wide-1.jpg]
[freebw.com/templates/royate/images/masonry-wide-2.jpg]
[freebw.com/templates/royate/images/masonry-wide-7.jpg]
[freebw.com/templates/royate/images/masonry-wide-3.jpg]
[freebw.com/templates/royate/images/masonry-wide-4.jpg]
[freebw.com/templates/royate/images/masonry-wide-8.jpg]
[freebw.com/templates/royate/images/masonry-wide-5.jpg]
[freebw.com/templates/royate/masonry-wide.html]
[freebw.com/templates/royate/images/masonry-wide-6.jpg]
[freebw.com/templates/royate/images/project-1.jpg]
[freebw.com/templates/royate/images/project-2.jpg]
[freebw.com/templates/royate/project.html]
[freebw.com/templates/royate/images/project-3.jpg]
[freebw.com/templates/royate/images/our-chef-11.jpg]
[freebw.com/templates/royate/images/our-chef-12.jpg]
[freebw.com/templates/royate/images/our-chef-13.jpg]
[freebw.com/templates/royate/meet-the-chefs.html]
[freebw.com/templates/royate/images/our-chef-14.jpg]
[freebw.com/templates/royate/404.html]
[freebw.com/templates/royate/images/404-bg.jpg]
[freebw.com/templates/royate/images/page-info-bg-3.jpg]
[freebw.com/templates/royate/images/menu-block-bg.jpg]
[freebw.com/templates/royate/images/menu-thumb-17.png]
[freebw.com/templates/royate/images/menu-thumb-18.png]
[freebw.com/templates/royate/images/menu-thumb-19.png]
[freebw.com/templates/royate/images/menu-thumb-20.png]
[freebw.com/templates/royate/images/menu-thumb-21.png]
[freebw.com/templates/royate/images/menu-thumb-22.png]
[freebw.com/templates/royate/images/menu-thumb-23.png]
[freebw.com/templates/royate/images/menu-thumb-24.png]
[freebw.com/templates/royate/images/menu-block-bg-2.jpg]
[freebw.com/templates/royate/images/menu-thumb-25.png]
[freebw.com/templates/royate/images/menu-thumb-26.png]
[freebw.com/templates/royate/images/menu-thumb-27.png]
[freebw.com/templates/royate/images/menu-thumb-28.png]
[freebw.com/templates/royate/images/menu-thumb-29.png]
[freebw.com/templates/royate/images/menu-thumb-30.png]
[freebw.com/templates/royate/images/menu-thumb-31.png]
[freebw.com/templates/royate/images/menu-thumb-32.png]
[freebw.com/templates/royate/images/menu-block-bg-3.jpg]
[freebw.com/templates/royate/images/menu-thumb-33.png]
[freebw.com/templates/royate/images/menu-thumb-34.png]
[freebw.com/templates/royate/images/menu-thumb-35.png]
[freebw.com/templates/royate/images/menu-thumb-36.png]
[freebw.com/templates/royate/images/menu-thumb-37.png]
[freebw.com/templates/royate/images/menu-thumb-38.png]
[freebw.com/templates/royate/images/menu-thumb-39.png]
[freebw.com/templates/royate/menu.html]
[freebw.com/templates/royate/images/menu-thumb-40.png]
[freebw.com/templates/royate/reservation_v1.html]
[freebw.com/templates/royate/images/page-info-bg-2.jpg]
[freebw.com/templates/royate/reservation_v2.html]
[freebw.com/templates/royate/images/reservation.jpg]
[freebw.com/templates/royate/images/page-info-bg-4.jpg]
[freebw.com/templates/royate/images/post-thumb-17.jpg]
[freebw.com/templates/royate/images/post-thumb-18.jpg]
[freebw.com/templates/royate/images/post-thumb-19.jpg]
[freebw.com/templates/royate/images/post-thumb-20.jpg]
[freebw.com/templates/royate/images/post-thumb-21.jpg]
[freebw.com/templates/royate/images/post-thumb-22.jpg]
[freebw.com/templates/royate/blog-masonry.html]
[freebw.com/templates/royate/images/post-thumb-23.jpg]
[freebw.com/templates/royate/images/post-thumb-24.jpg]
[freebw.com/templates/royate/images/post-thumb-25.jpg]
[freebw.com/templates/royate/blog-masonry-wide.html]
[freebw.com/templates/royate/images/post-thumb-26.jpg]
[freebw.com/templates/royate/images/blog-standard-1.jpg]
[freebw.com/templates/royate/images/author-avatar-1.png]
[freebw.com/templates/royate/images/blog-standard-2.jpg]
[freebw.com/templates/royate/images/blog-standard-3.jpg]
[freebw.com/templates/royate/images/blog-standard-4.jpg]
[freebw.com/templates/royate/images/widget-person.png]
[freebw.com/templates/royate/images/signature-3.png]
[freebw.com/templates/royate/images/latest-post-thumb-1.png]
[freebw.com/templates/royate/images/latest-post-thumb-2.png]
[freebw.com/templates/royate/images/latest-post-thumb-3.png]
[freebw.com/templates/royate/images/latest-post-thumb-4.png]
[freebw.com/templates/royate/images/instagram-small-1.jpg]
[freebw.com/templates/royate/images/instagram-small-2.jpg]
[freebw.com/templates/royate/images/instagram-small-3.jpg]
[freebw.com/templates/royate/images/instagram-small-4.jpg]
[freebw.com/templates/royate/images/instagram-small-5.jpg]
[freebw.com/templates/royate/images/instagram-small-6.jpg]
[freebw.com/templates/royate/blog-standard-right-sidebar.html]
[freebw.com/templates/royate/blog-standard-left-sidebar.html]
[freebw.com/templates/royate/blog-standard-no-sidebar.html]
[freebw.com/templates/royate/images/widget-banner.jpg]
[freebw.com/templates/royate/images/blog-single-1.jpg]
[freebw.com/templates/royate/images/blog-single-2.jpg]
[freebw.com/templates/royate/images/blog-single-3.jpg]
[freebw.com/templates/royate/images/blog-single-4.jpg]
[freebw.com/templates/royate/images/author-board.png]
[freebw.com/templates/royate/images/user-1.png]
[freebw.com/templates/royate/images/user-2.png]
[freebw.com/templates/royate/blog-single.html]
[freebw.com/templates/royate/images/user-3.png]
[freebw.com/templates/royate/vendor/nouislider/nouislider.min.css]
[freebw.com/templates/royate/images/page-info-bg-5.jpg]
[freebw.com/templates/royate/images/shop-list-1.jpg]
[freebw.com/templates/royate/images/shop-list-2.jpg]
[freebw.com/templates/royate/images/shop-list-3.jpg]
[freebw.com/templates/royate/images/shop-list-4.jpg]
[freebw.com/templates/royate/images/shop-list-5.jpg]
[freebw.com/templates/royate/images/shop-list-6.jpg]
[freebw.com/templates/royate/images/shop-list-7.jpg]
[freebw.com/templates/royate/images/shop-list-8.jpg]
[freebw.com/templates/royate/images/shop-list-10.jpg]
[freebw.com/templates/royate/images/shop-list-9.jpg]
[freebw.com/templates/royate/images/shop-list-11.jpg]
[freebw.com/templates/royate/images/featured-product-1.png]
[freebw.com/templates/royate/images/shop-list-12.jpg]
[freebw.com/templates/royate/images/featured-product-2.png]
[freebw.com/templates/royate/images/featured-product-3.png]
[freebw.com/templates/royate/images/featured-product-4.png]
[freebw.com/templates/royate/shop-list.html]
[freebw.com/templates/royate/shop-three-column.html]
[freebw.com/templates/royate/shop-three-column-wide.html]
[freebw.com/templates/royate/vendor/nouislider/nouislider.min.js]
[freebw.com/templates/royate/images/shop-list-13.jpg]
[freebw.com/templates/royate/images/shop-list-14.jpg]
[freebw.com/templates/royate/images/shop-list-15.jpg]
[freebw.com/templates/royate/shop-four-column.html]
[freebw.com/templates/royate/shop-four-column-wide.html]
[freebw.com/templates/royate/images/shop-list-16.jpg]
[freebw.com/templates/royate/images/shop-cart-1.jpg]
[freebw.com/templates/royate/shop-cart.html]
[freebw.com/templates/royate/images/shop-cart-2.jpg]
[freebw.com/templates/royate/images/shop-single-medium-1.jpg]
[freebw.com/templates/royate/images/shop-single-big-1.jpg]
[freebw.com/templates/royate/images/shop-single-small-1.jpg]
[freebw.com/templates/royate/images/shop-single-small-2.jpg]
[freebw.com/templates/royate/images/shop-single-big-2.jpg]
[freebw.com/templates/royate/images/shop-single-big-3.jpg]
[freebw.com/templates/royate/images/shop-single-small-3.jpg]
[freebw.com/templates/royate/images/shop-list-17.jpg]
[freebw.com/templates/royate/vendor/owl-carousel/js/owl.carousel2.thumbs.min.js]
[freebw.com/templates/royate/shop-single.html]
[freebw.com/templates/royate/sign-in.html]
[freebw.com/templates/royate/sign-up.html]
[freebw.com/templates/royate/vendor/elevatezoom-master/jquery.elevatezoom.js]
[freebw.com/templates/royate/images/returning-customer.png]
[freebw.com/templates/royate/images/have-a-coupon.png]
[freebw.com/templates/royate/images/check-out-1.jpg]
[freebw.com/templates/royate/images/check-out-2.jpg]
[freebw.com/templates/royate/checkout.html]
[freebw.com/templates/royate/fonts/linearicons/fonts/Linearicons-Free54e9.svg]
[freebw.com/templates/royate/vendor/owl-carousel/css/owl.video.play.html]
[freebw.com/templates/royate/vendor/revolution-slider/fonts/revicons/revicons90c6.html]
[freebw.com/templates/royate/vendor/revolution-slider/fonts/revicons/revicons90c6-2.html]
[freebw.com/templates/royate/vendor/revolution-slider/css/openhand.html]
[freebw.com/templates/royate/vendor/revolution-slider/css/closedhand.html]
[freebw.com/templates/royate/vendor/revolution-slider/assets/gridtile.html]
[freebw.com/templates/royate/vendor/revolution-slider/assets/gridtile_white.html]
[freebw.com/templates/royate/vendor/revolution-slider/assets/gridtile_3x3.html]
[freebw.com/templates/royate/vendor/revolution-slider/assets/gridtile_3x3_white.html]
[freebw.com/templates/royate/vendor/revolution-slider/assets/coloredbg.html]
[freebw.com/templates/royate/images/paypal.png]
[freebw.com/templates/royate/fonts/font-awesome-5/webfonts/fa-brands-400.eot]
[freebw.com/templates/royate/fonts/font-awesome-5/webfonts/fa-brands-400d41d.eot]
[freebw.com/templates/royate/fonts/font-awesome-5/webfonts/fa-brands-400.woff2]
[freebw.com/templates/royate/fonts/font-awesome-5/webfonts/fa-brands-400.woff]
[freebw.com/templates/royate/fonts/font-awesome-5/webfonts/fa-brands-400.ttf]
[freebw.com/templates/royate/fonts/font-awesome-5/webfonts/fa-brands-400.svg]
[freebw.com/templates/royate/fonts/font-awesome-5/webfonts/fa-regular-400.eot]
[freebw.com/templates/royate/fonts/font-awesome-5/webfonts/fa-regular-400d41d.eot]
[freebw.com/templates/royate/fonts/font-awesome-5/webfonts/fa-regular-400.woff2]
[freebw.com/templates/royate/fonts/font-awesome-5/webfonts/fa-regular-400.woff]
[freebw.com/templates/royate/fonts/font-awesome-5/webfonts/fa-regular-400.ttf]
[freebw.com/templates/royate/fonts/font-awesome-5/webfonts/fa-regular-400.svg]
[freebw.com/templates/royate/fonts/font-awesome-5/webfonts/fa-solid-900.eot]
[freebw.com/templates/royate/fonts/font-awesome-5/webfonts/fa-solid-900d41d.eot]
[freebw.com/templates/royate/fonts/font-awesome-5/webfonts/fa-solid-900.woff2]
[freebw.com/templates/royate/fonts/font-awesome-5/webfonts/fa-solid-900.woff]
[freebw.com/templates/royate/fonts/font-awesome-5/webfonts/fa-solid-900.ttf]
[freebw.com/templates/royate/fonts/font-awesome-5/css/fontawesome-all.min.css]
[freebw.com/templates/royate/fonts/font-awesome-5/webfonts/fa-solid-900.svg]
[freebw.com/templates/royate/vendor/lightgallery/fonts/lgd641.eot]
[freebw.com/templates/royate/vendor/lightgallery/fonts/lgd41d.eot]
[freebw.com/templates/royate/vendor/lightgallery/fonts/lgd641.woff]
[freebw.com/templates/royate/vendor/lightgallery/fonts/lgd641.ttf]
[freebw.com/templates/royate/vendor/lightgallery/fonts/lgd641.svg]
[freebw.com/templates/royate/vendor/lightgallery/img/vimeo-play.png]
[freebw.com/templates/royate/vendor/lightgallery/img/video-play.png]
[freebw.com/templates/royate/vendor/lightgallery/img/youtube-play.png]
[freebw.com/templates/royate/vendor/lightgallery/css/lightgallery.min.css]
[freebw.com/templates/royate/vendor/flipster/jquery.flipster.min.css]
[freebw.com/templates/royate/vendor/fullpage/jquery.fullPage.css]
[freebw.com/templates/royate/vendor/horizontal-timeline-master/css/style.css]
[freebw.com/templates/royate/vendor/modal-video/modal-video.min.css]
[freebw.com/templates/royate/vendor/nouislider/nouislider.min.css]
[freebw.com/templates/royate/fonts/font-awesome-5/webfonts/fa-brands-400.svg]
[freebw.com/templates/royate/fonts/font-awesome-5/webfonts/fa-regular-400.svg]
[freebw.com/templates/royate/vendor/lightgallery/img/loading.gif]
[freebw.com/templates/royate/fonts/font-awesome-5/webfonts/fa-solid-900.svg]
[freebw.com/templates/royate/vendor/lightgallery/fonts/lgd641.svg]
